
Running 3 tests using 3 workers

[1A[2K[1/3] [chromium] ÔÇ║ tests\verify-vehicle-logic.spec.ts:3:5 ÔÇ║ Vehicle Logic: Add Vehicle, Follow-up, and Finance Integration
[1A[2K[2/3] [webkit] ÔÇ║ tests\verify-vehicle-logic.spec.ts:3:5 ÔÇ║ Vehicle Logic: Add Vehicle, Follow-up, and Finance Integration
[1A[2K[3/3] [firefox] ÔÇ║ tests\verify-vehicle-logic.spec.ts:3:5 ÔÇ║ Vehicle Logic: Add Vehicle, Follow-up, and Finance Integration
[1A[2K[chromium] ÔÇ║ tests\verify-vehicle-logic.spec.ts:3:5 ÔÇ║ Vehicle Logic: Add Vehicle, Follow-up, and Finance Integration
Name: Test Bike

[1A[2KBrand: Hero Splendor

[1A[2KOdometer: 1000

[1A[2K[webkit] ÔÇ║ tests\verify-vehicle-logic.spec.ts:3:5 ÔÇ║ Vehicle Logic: Add Vehicle, Follow-up, and Finance Integration
Name: Test Bike

[1A[2KBrand: Hero Splendor

[1A[2KOdometer: 1000

[1A[2K  1) [chromium] ÔÇ║ tests\verify-vehicle-logic.spec.ts:3:5 ÔÇ║ Vehicle Logic: Add Vehicle, Follow-up, and Finance Integration 

    Error: [2mexpect([22m[31mlocator[39m[2m).[22mtoBeVisible[2m([22m[2m)[22m failed

    Locator: getByText('Test Bike')
    Expected: visible
    Timeout: 5000ms
    Error: element(s) not found

    Call log:
    [2m  - Expect "toBeVisible" with timeout 5000ms[22m
    [2m  - waiting for getByText('Test Bike')[22m


      49 |
      50 |     // Verify Vehicle Card
    > 51 |     await expect(page.getByText('Test Bike')).toBeVisible();
         |                                               ^
      52 |     await expect(page.getByText('1,000 km')).toBeVisible();
      53 |
      54 |     // 4. Add Follow-up
        at E:\APPS\AWAKE\tests\verify-vehicle-logic.spec.ts:51:47

    Error Context: test-results\verify-vehicle-logic-Vehic-745c9--up-and-Finance-Integration-chromium\error-context.md


[1A[2K[firefox] ÔÇ║ tests\verify-vehicle-logic.spec.ts:3:5 ÔÇ║ Vehicle Logic: Add Vehicle, Follow-up, and Finance Integration
Name: Test Bike

[1A[2KBrand: Hero Splendor

[1A[2KOdometer: 1000

[1A[2K  2) [webkit] ÔÇ║ tests\verify-vehicle-logic.spec.ts:3:5 ÔÇ║ Vehicle Logic: Add Vehicle, Follow-up, and Finance Integration 

    Error: [2mexpect([22m[31mlocator[39m[2m).[22mtoBeVisible[2m([22m[2m)[22m failed

    Locator: getByText('Test Bike')
    Expected: visible
    Timeout: 5000ms
    Error: element(s) not found

    Call log:
    [2m  - Expect "toBeVisible" with timeout 5000ms[22m
    [2m  - waiting for getByText('Test Bike')[22m


      49 |
      50 |     // Verify Vehicle Card
    > 51 |     await expect(page.getByText('Test Bike')).toBeVisible();
         |                                               ^
      52 |     await expect(page.getByText('1,000 km')).toBeVisible();
      53 |
      54 |     // 4. Add Follow-up
        at E:\APPS\AWAKE\tests\verify-vehicle-logic.spec.ts:51:47

    Error Context: test-results\verify-vehicle-logic-Vehic-745c9--up-and-Finance-Integration-webkit\error-context.md


[1A[2K  3) [firefox] ÔÇ║ tests\verify-vehicle-logic.spec.ts:3:5 ÔÇ║ Vehicle Logic: Add Vehicle, Follow-up, and Finance Integration 

    Error: [2mexpect([22m[31mlocator[39m[2m).[22mtoBeVisible[2m([22m[2m)[22m failed

    Locator: getByText('Test Bike')
    Expected: visible
    Timeout: 5000ms
    Error: element(s) not found

    Call log:
    [2m  - Expect "toBeVisible" with timeout 5000ms[22m
    [2m  - waiting for getByText('Test Bike')[22m


      49 |
      50 |     // Verify Vehicle Card
    > 51 |     await expect(page.getByText('Test Bike')).toBeVisible();
         |                                               ^
      52 |     await expect(page.getByText('1,000 km')).toBeVisible();
      53 |
      54 |     // 4. Add Follow-up
        at E:\APPS\AWAKE\tests\verify-vehicle-logic.spec.ts:51:47

    Error Context: test-results\verify-vehicle-logic-Vehic-745c9--up-and-Finance-Integration-firefox\error-context.md


[1A[2K  3 failed
    [chromium] ÔÇ║ tests\verify-vehicle-logic.spec.ts:3:5 ÔÇ║ Vehicle Logic: Add Vehicle, Follow-up, and Finance Integration 
    [firefox] ÔÇ║ tests\verify-vehicle-logic.spec.ts:3:5 ÔÇ║ Vehicle Logic: Add Vehicle, Follow-up, and Finance Integration 
    [webkit] ÔÇ║ tests\verify-vehicle-logic.spec.ts:3:5 ÔÇ║ Vehicle Logic: Add Vehicle, Follow-up, and Finance Integration 
